components/TaskListView.tsx(895,82): error TS1005: ')' expected.
components/TaskListView.tsx(896,82): error TS1381: Unexpected token. Did you mean `{'}'}` or `&rbrace;`?
node_modules.bak/@jridgewell/remapping/types/build-source-map-tree.d.cts(14,125): error TS1005: '{' expected.
node_modules.bak/@jridgewell/remapping/types/remapping.d.cts(20,141): error TS1005: '{' expected.
node_modules.bak/@jridgewell/trace-mapping/types/by-source.d.cts(3,107): error TS1005: '{' expected.
node_modules.bak/@jridgewell/trace-mapping/types/resolve.d.cts(2,109): error TS1005: '{' expected.
node_modules.bak/@jridgewell/trace-mapping/types/sort.d.cts(2,104): error TS1005: '{' expected.
node_modules.bak/@jridgewell/trace-mapping/types/strip-filename.d.cts(4,79): error TS1005: '{' expected.
node_modules/@jridgewell/remapping/types/remapping.d.cts(20,141): error TS1005: '{' expected.
